../Core/Src/main.c:66:6:litBit	16	static
../Core/Src/main.c:77:6:displayNumber	16	static
../Core/Src/main.c:83:6:enableDigit	16	static
../Core/Src/main.c:106:6:disableDigit	16	static
../Core/Src/main.c:129:6:disableAllDigit	8	static
../Core/Src/main.c:147:6:Delay_us	16	static
../Core/Src/main.c:175:5:main	40	static
../Core/Src/main.c:273:6:SystemClock_Config	96	static
../Core/Src/main.c:329:13:MX_RTC_Init	32	static
../Core/Src/main.c:389:13:MX_TIM2_Init	40	static
../Core/Src/main.c:434:13:MX_GPIO_Init	40	static
../Core/Src/main.c:499:6:Error_Handler	4	static,ignoring_inline_asm
